node.exe : PASS src/infrastructure/adapters/per
sistence/typeorm/repositories/product-typeorm.r
epository.spec.ts
En línea: 1 Carácter: 1
+ & "C:\nvm4w\nodejs/node.exe" 
"C:\nvm4w\nodejs/node_modules/npm/bin/np ...
+ ~~~~~~~~~~~~~~~~~~~~~~~~~~~~~~~~~~~~~~~~~~~~~
~~~~~~~~~~~~~~~~~~~~~~~~
    + CategoryInfo          : NotSpecified: (P 
   ASS src/infras...ository.spec.ts:String) [  
  ], RemoteException
    + FullyQualifiedErrorId : NativeCommandErr 
   or
 
PASS src/infrastructure/adapters/persistence/ty
peorm/repositories/transaction-typeorm.reposito
ry.spec.ts
PASS 
src/infrastructure/config/data-source.spec.ts
PASS src/app.module.spec.ts
PASS src/infrastructure/http/controllers/checko
ut.controller.spec.ts
PASS src/main.spec.ts
PASS src/infrastructure/http/controllers/health
.controller.spec.ts
PASS src/infrastructure/adapters/persistence/ty
peorm/typeorm-unit-of-work.spec.ts
PASS src/infrastructure/http/controllers/transa
ctions.controller.spec.ts
PASS src/infrastructure/adapters/persistence/ty
peorm/repositories/customer-typeorm.repository.
spec.ts
PASS 
src/infrastructure/audit/audit.service.spec.ts
PASS src/infrastructure/http/dtos/checkout-requ
est.dto.spec.ts
PASS src/infrastructure/adapters/payment-provid
er/payment-provider.adapter.spec.ts
PASS src/infrastructure/http/controllers/produc
ts.controller.spec.ts
PASS src/infrastructure/health/health.service.s
pec.ts
PASS src/infrastructure/adapters/payment-provid
er/payment-provider.module.spec.ts
PASS src/infrastructure/adapters/persistence/ty
peorm/migrations/migrations.spec.ts
PASS src/infrastructure/logging/logging.module.
spec.ts
PASS src/infrastructure/adapters/persistence/ty
peorm/mappers/transaction.mapper.spec.ts
PASS src/infrastructure/adapters/persistence/ty
peorm/mappers/customer.mapper.spec.ts
PASS src/infrastructure/correlation/correlation
.module.spec.ts
PASS src/common/filters/http-exception.filter.s
pec.ts
PASS src/infrastructure/adapters/persistence/ty
peorm/mappers/transaction-item.mapper.spec.ts
PASS src/infrastructure/adapters/persistence/ty
peorm/mappers/product.mapper.spec.ts
PASS src/application/use-cases/process-checkout
.usecase.spec.ts
PASS src/infrastructure/config/env.validation.s
pec.ts
PASS src/infrastructure/circuit-breaker/circuit
-breaker.service.spec.ts
PASS src/infrastructure/http/middlewares/rate-l
imiting.middleware.spec.ts
PASS src/infrastructure/http/middlewares/correl
ation-id.middleware.spec.ts
PASS src/application/use-cases/find-product-by-
id.usecase.spec.ts
PASS src/application/use-cases/find-all-product
s.usecase.spec.ts
PASS src/infrastructure/logging/structured-logg
er.service.spec.ts
PASS src/application/use-cases/find-transaction
-by-id.usecase.spec.ts
PASS src/domain/services/card-validator.spec.ts
PASS src/domain/value-objects/money.vo.spec.ts
PASS 
src/domain/entities/transaction.entity.spec.ts
PASS src/domain/entities/product.entity.spec.ts
PASS src/config/cors.config.spec.ts
  ÔùÅ Console

    console.log
      CORS Origin: http://localhost:3000

      at origin (config/cors.config.ts:5:13)

    console.log
      CORS Origin: https://unknown.example.com

      at origin (config/cors.config.ts:5:13)

    console.error
      CORS blocked origin: 
https://unknown.example.com

    [0m [90m 27 |[39m       
callback([36mnull[39m[33m,[39m 
origin)[33m;[39m
     [90m 28 |[39m     } [36melse[39m {
    [31m[1m>[22m[39m[90m 29 |[39m       
console[33m.[39merror([32m'CORS blocked 
origin:'[39m[33m,[39m origin)[33m;[39m
     [90m    |[39m               
[31m[1m^[22m[39m
     [90m 30 |[39m       
callback([36mnew[39m 
[33mError[39m([32m'Not allowed by 
CORS'[39m))[33m;[39m
     [90m 31 |[39m     }
     [90m 32 |[39m   }[33m,[39m[0m

      at origin (config/cors.config.ts:29:15)
      at Object.<anonymous> 
(config/cors.config.spec.ts:22:5)

    console.log
      CORS Origin: undefined

      at origin (config/cors.config.ts:5:13)

PASS src/infrastructure/logging/mask-sensitive-
data.util.spec.ts
PASS src/domain/entities/transaction-item.entit
y.spec.ts
PASS 
src/domain/entities/customer.entity.spec.ts
PASS src/infrastructure/adapters/payment-provid
er/utils/signature.util.spec.ts
PASS src/domain/exceptions/payment-gateway-time
out.exception.spec.ts

Test Suites: 43 passed, 43 total
Tests:       177 passed, 177 total
Snapshots:   0 total
Time:        7.782 s, estimated 9 s
Ran all test suites.
